C251 COMPILER V5.60.0,  app_display                                                        10/11/25  23:53:21  PAGE 1   


C251 COMPILER V5.60.0, COMPILATION OF MODULE app_display
OBJECT MODULE PLACED IN .\Objects\app_display.obj
COMPILER INVOKED BY: C:\Keil_v5\C251\BIN\C251.EXE Sources\src\app_display.c XSMALL INTR2 BROWSE INCDIR(.\Sources\inc) DE
                    -BUG PRINT(.\Listings\app_display.lst) TABS(2) OBJECT(.\Objects\app_display.obj) 

stmt  level    source

    1          /*---------------------------------------------------------------------*/
    2          /* --- Web: www.STCAI.com ---------------------------------------------*/
    3          /*---------------------------------------------------------------------*/
    4          
    5          #include "app_display.h"
    6          
    7          /*************** 功能说明 ****************
    8          
    9          数码管显示.
   10          
   11          ******************************************/
   12          
   13          
   14          //========================================================================
   15          //                               本地常量声明 
   16          //========================================================================
   17          
   18          u8 code t_display[]={                       //标准字库
   19          //   0    1    2    3    4    5    6    7    8    9    A    B    C    D    E    F
   20              0x3F,0x06,0x5B,0x4F,0x66,0x6D,0x7D,0x07,0x7F,0x6F,0x77,0x7C,0x39,0x5E,0x79,0x71,
   21          //black  -     H    J    K    L    N    o   P    U     t    G    Q    r   M    y
   22              0x00,0x40,0x76,0x1E,0x70,0x38,0x37,0x5C,0x73,0x3E,0x78,0x3d,0x67,0x50,0x37,0x6e,
   23              0xBF,0x86,0xDB,0xCF,0xE6,0xED,0xFD,0x87,0xFF,0xEF,0x46};    //0. 1. 2. 3. 4. 5. 6. 7. 8. 9. -1
   24          
   25          u8 code T_COM[]={0x01,0x02,0x04,0x08,0x10,0x20,0x40,0x80};      //位码
   26          
   27          //========================================================================
   28          //                               IO口定义
   29          //========================================================================
   30          
   31          sbit    P_HC595_SER   = P3^4;   //pin 14    SER     data input
   32          sbit    P_HC595_RCLK  = P3^5;   //pin 12    RCLk    store (latch) clock
   33          sbit    P_HC595_SRCLK = P3^2;   //pin 11    SRCLK   Shift data clock
   34          
   35          //========================================================================
   36          //                               本地变量声明
   37          //========================================================================
   38          
   39          u8  LED8[8];        //显示缓冲
   40          u8  display_index;  //显示位索引
   41          
   42          //========================================================================
   43          //                               本地函数声明
   44          //========================================================================
   45          
   46          
   47          //========================================================================
   48          //                            外部函数和变量声明
   49          //========================================================================
   50          
   51          
   52          //========================================================================
   53          // 函数: Display_init
   54          // 描述: 用户初始化程序.
   55          // 参数: None.
   56          // 返回: None.
   57          // 版本: V1.0, 2022-05-26
   58          //========================================================================
C251 COMPILER V5.60.0,  app_display                                                        10/11/25  23:53:21  PAGE 2   

   59          void Display_init(void)
   60          {
   61   1          for(display_index=0; display_index<8; display_index++)
   62   1          {
   63   2              LED8[display_index] = DIS_BLACK; //初始化上电显示内容
   64   2          }
   65   1          display_index = 0;
   66   1      }
   67          
   68          /**************** 向HC595发送一个字节函数 ******************/
   69          void Send_595(u8 dat)
   70          {
   71   1          u8  i;
   72   1          for(i=0; i<8; i++)
   73   1          {
   74   2              dat <<= 1;
   75   2              P_HC595_SER   = CY;
   76   2              P_HC595_SRCLK = 1;
   77   2              P_HC595_SRCLK = 0;
   78   2          }
   79   1      }
   80          
   81          //========================================================================
   82          // 函数: Sample_Display
   83          // 描述: 用户应用程序.
   84          // 参数: None.
   85          // 返回: None.
   86          // 版本: V1.0, 2022-05-26
   87          //========================================================================
   88          void Sample_Display(void)
   89          {
   90   1          Send_595(t_display[LED8[display_index]]);   //输出段码
   91   1          Send_595(~T_COM[display_index]);            //输出位码
   92   1      
   93   1          P_HC595_RCLK = 1;
   94   1          P_HC595_RCLK = 0;
   95   1          if(++display_index >= 8)    display_index = 0;  //8位结束回0
   96   1      }


Module Information          Static   Overlayable
------------------------------------------------
  code size            =       183     ------
  ecode size           =    ------     ------
  data size            =    ------     ------
  idata size           =    ------     ------
  pdata size           =    ------     ------
  xdata size           =    ------     ------
  xdata-const size     =    ------     ------
  edata size           =         9     ------
  bit size             =    ------     ------
  ebit size            =    ------     ------
  bitaddressable size  =    ------     ------
  ebitaddressable size =    ------     ------
  far data size        =    ------     ------
  huge data size       =    ------     ------
  const size           =    ------     ------
  hconst size          =    ------     ------
End of Module Information.


C251 COMPILATION COMPLETE.  0 WARNING(S),  0 ERROR(S)
